// Jest Snapshot v1, https://goo.gl/fbAQLP

exports[`BaseLayout component Should match snapshot 1`] = `
<div>
  <div
    class="base-layout"
  >
    <div
      class="navbar"
    >
      <h6
        class="logo logo--brand-color"
        data-testid="logo-testid"
      >
        PiggyBank
      </h6>
      <div
        class="navbar__ctas"
      >
        <div
          class="profilebadge"
          data-testid="profilebadge-testid"
        >
          <p
            class="profilebadge__username"
          >
             
          </p>
          <div
            class="avatar"
            data-testid="avatar-testid"
            style="width: 30px; height: 30px;"
          >
            <div
              class="avatar__fill avatar__fill--1"
              data-testid="avatar-fill-testid"
            />
          </div>
        </div>
      </div>
    </div>
    <div
      class="base-layout__body"
    />
  </div>
</div>
`;
